2026-09-25 13:14 UTC · 3/3 activos analizados · 0 cambios (primera ejecución)
2026-09-25 13:15 UTC · 3/3 activos analizados · 0 cambios (primera ejecución)
2026-09-25 13:17 UTC · 3/3 activos analizados · 0 cambios (primera ejecución)
2026-09-25 13:49 UTC · 3/3 activos analizados · 0 cambios (primera ejecución)
2026-09-25 14:35 UTC · 3/3 activos analizados · 0 cambios (primera ejecución)
2026-09-25 14:38 UTC · 3/3 activos analizados · 0 cambios (primera ejecución)
2026-09-25 14:47 UTC · 4/4 activos analizados · 0 cambios (primera ejecución)
2026-09-25 14:59 UTC · 4/4 activos analizados · 0 cambios (primera ejecución)
2026-09-25 15:15 UTC · 4/4 activos analizados · 0 cambios (primera ejecución)
2026-09-25 15:18 UTC · 8/8 activos analizados · 0 cambios (primera ejecución)
2026-09-25 15:32 UTC · 8/8 activos analizados · 0 cambios (primera ejecución)
2026-09-25 16:50 UTC · 12/12 activos analizados · 0 cambios (primera ejecución)
2026-09-25 17:58 UTC · 12/12 activos analizados · 0 cambios (primera ejecución)
2026-09-25 17:59 UTC · 12/12 activos analizados · 1 cambios (primera ejecución)
    PRUEBA : aviso de prueba: si te llega este correo, los avisos funcionan
2026-09-25 18:01 UTC · 12/12 activos analizados · 0 cambios (primera ejecución)
2026-09-25 18:14 UTC · 12/12 activos analizados · 0 cambios (primera ejecución)
2026-09-25 18:45 UTC · 12/12 activos analizados · 0 cambios (primera ejecución)
2026-09-25 18:48 UTC · 12/12 activos analizados · 0 cambios (primera ejecución)
2026-09-25 18:56 UTC · 12/12 activos analizados · 0 cambios (primera ejecución)
2026-09-26 10:07 UTC · 12/12 activos analizados · 2 cambios desde 2026-09-25
    SOL Diario: cierra por encima del nivel que confirma de la etapa 2 (119.99 → cierre 122.15)
    accion:BE Diario: cierra por encima del nivel que invalida de la etapa 3 (288.00 → cierre 288.70)
2026-09-26 10:10 UTC · 12/12 activos analizados · 2 cambios desde 2026-09-25
    SOL Diario: cierra por encima del nivel que confirma de la etapa 2 (119.99 → cierre 122.15)
    accion:BE Diario: cierra por encima del nivel que invalida de la etapa 3 (288.00 → cierre 288.70)
2026-09-26 10:19 UTC · 12/12 activos analizados · 2 cambios desde 2026-09-25
    SOL Diario: cierra por encima del nivel que confirma de la etapa 2 (119.99 → cierre 122.15)
    accion:BE Diario: cierra por encima del nivel que invalida de la etapa 3 (288.00 → cierre 288.70)
2026-09-26 10:28 UTC · 12/12 activos analizados · 2 cambios desde 2026-09-25
    SOL Diario: cierra por encima del nivel que confirma de la etapa 2 (119.99 → cierre 122.15)
    accion:BE Diario: cierra por encima del nivel que invalida de la etapa 3 (288.00 → cierre 288.70)
2026-09-27 11:55 UTC · 12/12 activos analizados · 0 cambios desde 2026-09-26
2026-09-28 10:13 UTC · 12/12 activos analizados · 6 cambios desde 2026-09-27
    ADA Semanal: entra en transición 4→1
    BTC Semanal: cierra por encima del nivel que confirma de la etapa 1 (82,300 → cierre 84,472)
    ETH Semanal: cierra por encima del nivel que confirma de la etapa 1 (2,668 → cierre 2,689)
    SOL Semanal: cierra por encima del nivel que confirma de la etapa 1 (114.32 → cierre 121.99)
    accion:BE Semanal: cierra por encima del nivel que confirma de la etapa 2 (288.00 → cierre 288.70)
    accion:QQQ Semanal: cierra por encima del nivel que confirma de la etapa 2 (733.82 → cierre 744.50)
2026-09-28 10:49 UTC · 4/4 activos analizados · 12 cambios desde 2026-09-27
    ADA Semanal: entra en transición 4→1
    accion:NVDA : retirado de la lista
    accion:TSLA : retirado de la lista
    accion:SPY : retirado de la lista
    accion:BE : retirado de la lista
    accion:QQQ : retirado de la lista
    accion:IAU : retirado de la lista
    accion:GLD : retirado de la lista
    accion:SLV : retirado de la lista
    BTC Semanal: cierra por encima del nivel que confirma de la etapa 1 (82,300 → cierre 84,472)
    ETH Semanal: cierra por encima del nivel que confirma de la etapa 1 (2,668 → cierre 2,689)
    SOL Semanal: cierra por encima del nivel que confirma de la etapa 1 (114.32 → cierre 121.99)
2026-09-28 11:01 UTC · 4/4 activos analizados · 12 cambios desde 2026-09-27
    ADA Semanal: entra en transición 4→1
    accion:NVDA : retirado de la lista
    accion:TSLA : retirado de la lista
    accion:SPY : retirado de la lista
    accion:BE : retirado de la lista
    accion:QQQ : retirado de la lista
    accion:IAU : retirado de la lista
    accion:GLD : retirado de la lista
    accion:SLV : retirado de la lista
    BTC Semanal: cierra por encima del nivel que confirma de la etapa 1 (82,300 → cierre 84,472)
    ETH Semanal: cierra por encima del nivel que confirma de la etapa 1 (2,668 → cierre 2,689)
    SOL Semanal: cierra por encima del nivel que confirma de la etapa 1 (114.32 → cierre 121.99)
2026-09-28 12:12 UTC · 4/4 activos analizados · 12 cambios desde 2026-09-27
    ADA Semanal: entra en transición 4→1
    accion:NVDA : retirado de la lista
    accion:TSLA : retirado de la lista
    accion:SPY : retirado de la lista
    accion:BE : retirado de la lista
    accion:QQQ : retirado de la lista
    accion:IAU : retirado de la lista
    accion:GLD : retirado de la lista
    accion:SLV : retirado de la lista
    BTC Semanal: cierra por encima del nivel que confirma de la etapa 1 (82,300 → cierre 84,472)
    ETH Semanal: cierra por encima del nivel que confirma de la etapa 1 (2,668 → cierre 2,689)
    SOL Semanal: cierra por encima del nivel que confirma de la etapa 1 (114.32 → cierre 121.99)
2026-09-28 17:12 UTC · 4/4 activos analizados · 12 cambios desde 2026-09-27
    ADA Semanal: entra en transición 4→1
    accion:NVDA : retirado de la lista
    accion:TSLA : retirado de la lista
    accion:SPY : retirado de la lista
    accion:BE : retirado de la lista
    accion:QQQ : retirado de la lista
    accion:IAU : retirado de la lista
    accion:GLD : retirado de la lista
    accion:SLV : retirado de la lista
    BTC Semanal: cierra por encima del nivel que confirma de la etapa 1 (82,300 → cierre 84,472)
    ETH Semanal: cierra por encima del nivel que confirma de la etapa 1 (2,668 → cierre 2,689)
    SOL Semanal: cierra por encima del nivel que confirma de la etapa 1 (114.32 → cierre 121.99)
2026-09-28 17:35 UTC · 4/4 activos analizados · 12 cambios desde 2026-09-27
    ADA Semanal: entra en transición 4→1
    accion:NVDA : retirado de la lista
    accion:TSLA : retirado de la lista
    accion:SPY : retirado de la lista
    accion:BE : retirado de la lista
    accion:QQQ : retirado de la lista
    accion:IAU : retirado de la lista
    accion:GLD : retirado de la lista
    accion:SLV : retirado de la lista
    BTC Semanal: cierra por encima del nivel que confirma de la etapa 1 (82,300 → cierre 84,472)
    ETH Semanal: cierra por encima del nivel que confirma de la etapa 1 (2,668 → cierre 2,689)
    SOL Semanal: cierra por encima del nivel que confirma de la etapa 1 (114.32 → cierre 121.99)
2026-09-29 08:14 UTC · 4/4 activos analizados · 0 cambios desde 2026-09-28
2026-09-29 19:04 UTC · 4/4 activos analizados · 0 cambios desde 2026-09-28
2026-09-29 19:18 UTC · 4/4 activos analizados · 4 cambios desde 2026-09-28
    BTC Semanal: entra en transición 1→2
    ETH Mensual: etapa 3 → 4
    ETH Semanal: entra en transición 1→2
    SOL Semanal: entra en transición 1→2
2026-09-30 09:33 UTC · 4/4 activos analizados · 0 cambios desde 2026-09-29
2026-09-30 09:37 UTC · 4/4 activos analizados · 0 cambios desde 2026-09-29
2026-09-30 16:51 UTC · 4/4 activos analizados · 0 cambios desde 2026-09-29
2026-09-30 18:35 UTC · 4/4 activos analizados · 0 cambios desde 2026-09-29
2026-10-01 12:28 UTC · 4/4 activos analizados · 3 cambios desde 2026-09-30
    ETH Mensual: entra en transición 4→1
    BTC Mensual: cierra por encima del nivel que invalida de la etapa 4 (82,850 → cierre 83,624)
    SOL Mensual: cierra por encima del nivel que invalida de la etapa 4 (98.41 → cierre 118.12)
2026-10-02 12:23 UTC · 4/4 activos analizados · 0 cambios desde 2026-10-01
2026-10-03 11:33 UTC · 4/4 activos analizados · 0 cambios desde 2026-10-02
2026-10-03 18:11 UTC · 4/4 activos analizados · 3 cambios desde 2026-10-02
    BTC Semanal: etapa 1 → 2
    ETH Semanal: etapa 1 → 2
    SOL Semanal: etapa 1 → 2
2026-10-03 20:30 UTC · 4/4 activos analizados · 3 cambios desde 2026-10-02
    BTC Semanal: etapa 1 → 2
    ETH Semanal: etapa 1 → 2
    SOL Semanal: etapa 1 → 2
2026-10-04 10:54 UTC · 4/4 activos analizados · 0 cambios desde 2026-10-03
2026-10-04 12:03 UTC · 4/4 activos analizados · 0 cambios desde 2026-10-03
2026-10-04 12:38 UTC · 4/4 activos analizados · 1 cambios desde 2026-10-03
    ETH/USDC oportunidad con 4,500 $: propuesta: ciclo semanal en Uniswap v4 · Ethereum · ETH/USDC 0,01 %, rango 2,424.34 – 2,943.35, neto estimado +24.32 $ por ciclo (+28.2% anual; con margen +17.25 $)
2026-10-04 13:33 UTC · 4/4 activos analizados · 1 cambios desde 2026-10-03
    ETH/USDC oportunidad con 4,500 $: propuesta: ciclo semanal en Uniswap v4 · Ethereum · ETH/USDC 0,01 %, rango 2,423.37 – 2,942.17, neto estimado +25.25 $ por ciclo (+29.3% anual; con margen +18.18 $)
2026-10-04 17:32 UTC · 4/4 activos analizados · 1 cambios desde 2026-10-03
    ETH/USDC oportunidad con 4,500 $: propuesta: ciclo semanal en Uniswap v4 · Ethereum · ETH/USDC 0,01 %, rango 2,426.76 – 2,945.70, neto estimado +24.65 $ por ciclo (+28.6% anual; con margen +17.59 $)
2026-10-05 08:21 UTC · 4/4 activos analizados · 2 cambios desde 2026-10-04
    ADA Semanal: cierra por encima del nivel que invalida de la etapa 4 (0.2584 → cierre 0.2597)
    ETH/USDC oportunidad con 4,500 $: propuesta: ciclo semanal en Uniswap v4 · Ethereum · ETH/USDC 0,01 %, rango 2,462.45 – 2,964.62, neto estimado +24.37 $ por ciclo (+28.2% anual; con margen +17.66 $)
2026-10-06 08:30 UTC · 4/4 activos analizados · 1 cambios desde 2026-10-05
    ADA Diario: cierra por encima del nivel que confirma de la etapa 2 (0.2654 → cierre 0.2704)
2026-10-07 07:51 UTC · 4/4 activos analizados · 0 cambios desde 2026-10-06
2026-10-07 15:53 UTC · 4/4 activos analizados · 1 cambios desde 2026-10-06
    ETH/USDC oportunidad con 4,500 $: la propuesta anterior (Semanal · Uniswap v4 · Ethereum · ETH/USDC 0,01 %) ya no cumple los criterios. sin propuesta. Lo más cercano: ciclo semanal en Uniswap v4 · Ethereum · ETH/USDC 0,01 %, neto estimado +6.04 $ por ciclo (rentable solo por poco: negativo con el margen de seguridad)
2026-10-08 09:01 UTC · 4/4 activos analizados · 1 cambios desde 2026-10-07
    ETH/USDC oportunidad con 4,500 $: la propuesta anterior (Semanal · Uniswap v4 · Ethereum · ETH/USDC 0,01 %) ya no cumple los criterios. sin propuesta. Lo más cercano: ciclo semanal en Uniswap v4 · Ethereum · ETH/USDC 0,01 %, neto estimado +6.73 $ por ciclo (rentable solo por poco: negativo con el margen de seguridad)
2026-10-08 11:33 UTC · 4/4 activos analizados · 1 cambios desde 2026-10-07
    ETH/USDC oportunidad con 4,500 $: la propuesta anterior (Semanal · Uniswap v4 · Ethereum · ETH/USDC 0,01 %) ya no cumple los criterios. sin propuesta. Lo más cercano: ciclo semanal en Uniswap v4 · Ethereum · ETH/USDC 0,01 %, neto estimado +5.67 $ por ciclo (rentable solo por poco: negativo con el margen de seguridad)
2026-10-08 18:46 UTC · 4/4 activos analizados · 1 cambios desde 2026-10-07
    ETH/USDC oportunidad con 4,500 $: la propuesta anterior (Semanal · Uniswap v4 · Ethereum · ETH/USDC 0,01 %) ya no cumple los criterios. sin propuesta. Lo más cercano: ciclo semanal en Uniswap v4 · Ethereum · ETH/USDC 0,01 %, neto estimado +2.98 $ por ciclo (rentable solo por poco: negativo con el margen de seguridad)
